This is LuaHBTeX, Version 1.22.0 (MiKTeX 25.4) (format=lualatex 2025.12.31)  11 JUN 2026 15:56
 restricted system commands enabled.
**outlong.tex
(./outlong.tex
LaTeX2e <2025-06-01> patch level 1
L3 programming layer <2025-10-09>
Lua module: luaotfload 2024-12-03 v3.29 Lua based OpenType font support
Lua module: lualibs 2023-07-13 v2.76 ConTeXt Lua standard libraries.
Lua module: lualibs-extended 2023-07-13 v2.76 ConTeXt Lua libraries -- extended 
collection.
luaotfload | conf : Root cache directory is "C:/Users/dimit/AppData/Local/MiKTeX
/luatex-cache/generic/names".
luaotfload | init : Loading fontloader "fontloader-2023-12-28.lua" from kpse-res
olved path "C:/Users/dimit/AppData/Local/Programs/MiKTeX/tex/luatex/luaotfload/f
ontloader-2023-12-28.lua".
Lua-only attribute luaotfload@noligature = 1
luaotfload | init : Context OpenType loader version 3.134
Inserting `luaotfload.node_processor' in `pre_linebreak_filter'.
Inserting `luaotfload.node_processor' in `hpack_filter'.
Inserting `luaotfload.glyph_stream' in `glyph_stream_provider'.
Inserting `luaotfload.define_font' in `define_font'.
Lua-only attribute luaotfload_color_attribute = 2
luaotfload | conf : Root cache directory is "C:/Users/dimit/AppData/Local/MiKTeX
/luatex-cache/generic/names".
Inserting `luaotfload.harf.strip_prefix' in `find_opentype_file'.
Inserting `luaotfload.harf.strip_prefix' in `find_truetype_file'.
Removing  `luaotfload.glyph_stream' from `glyph_stream_provider'.
Inserting `luaotfload.harf.glyphstream' in `glyph_stream_provider'.
Inserting `luaotfload.harf.finalize_vlist' in `post_linebreak_filter'.
Inserting `luaotfload.harf.finalize_hlist' in `hpack_filter'.
Inserting `luaotfload.cleanup_files' in `wrapup_run'.
Inserting `luaotfload.harf.finalize_unicode' in `finish_pdffile'.
Inserting `luaotfload.glyphinfo' in `glyph_info'.
Lua-only attribute luaotfload.letterspace_done = 3
Inserting `luaotfload.aux.set_sscale_dimens' in `luaotfload.patch_font'.
Inserting `luaotfload.aux.set_font_index' in `luaotfload.patch_font'.
Inserting `luaotfload.aux.patch_cambria_domh' in `luaotfload.patch_font'.
Inserting `luaotfload.aux.fixup_fontdata' in `luaotfload.patch_font_unsafe'.
Inserting `luaotfload.aux.set_capheight' in `luaotfload.patch_font'.
Inserting `luaotfload.aux.set_xheight' in `luaotfload.patch_font'.
Inserting `luaotfload.rewrite_fontname' in `luaotfload.patch_font'.
Inserting `tracingstacklevels' in `input_level_string'. (C:/Users/dimit/AppData
/Local/Programs/MiKTeX/tex/latex/base/article.cls
Document Class: article 2025/01/22 v1.4n Standard LaTeX document class
(C:/Users/dimit/AppData/Local/Programs/MiKTeX/tex/latex/base/size12.clo
File: size12.clo 2025/01/22 v1.4n Standard LaTeX file (size option)
luaotfload | db : Font names database loaded from C:/Users/dimit/AppData/Local/M
iKTeX/luatex-cache/generic/names/luaotfload-names.luc.gz)
\c@part=\count273
\c@section=\count274
\c@subsection=\count275
\c@subsubsection=\count276
\c@paragraph=\count277
\c@subparagraph=\count278
\c@figure=\count279
\c@table=\count280
\abovecaptionskip=\skip49
\belowcaptionskip=\skip50
\bibindent=\dimen147
)
(C:/Users/dimit/AppData/Local/Programs/MiKTeX/tex/latex/fontspec/fontspec.sty
(C:/Users/dimit/AppData/Local/Programs/MiKTeX/tex/latex/l3packages/xparse/xpars
e.sty
(C:/Users/dimit/AppData/Local/Programs/MiKTeX/tex/latex/l3kernel/expl3.sty
Package: expl3 2025-10-09 L3 programming layer (loader) 

(C:/Users/dimit/AppData/Local/Programs/MiKTeX/tex/latex/l3backend/l3backend-lua
tex.def
File: l3backend-luatex.def 2025-10-09 L3 backend support: PDF output (LuaTeX)
\l__color_backend_stack_int=\count281
Inserting `l3color' in `luaotfload.parse_color'.))
Package: xparse 2025-10-09 L3 Experimental document command parser
)
Package: fontspec 2025/09/29 v2.9g Font selection for XeLaTeX and LuaLaTeX
Lua module: fontspec 2025/09/29 v2.9g Font selection for XeLaTeX and LuaLaTeX
(C:/Users/dimit/AppData/Local/Programs/MiKTeX/tex/latex/fontspec/fontspec-luate
x.sty
Package: fontspec-luatex 2025/09/29 v2.9g Font selection for XeLaTeX and LuaLaT
eX
\l__fontspec_script_int=\count282
\l__fontspec_language_int=\count283
\l__fontspec_strnum_int=\count284
\l__fontspec_tmp_int=\count285
\l__fontspec_tmpa_int=\count286
\l__fontspec_tmpb_int=\count287
\l__fontspec_tmpc_int=\count288
\l__fontspec_em_int=\count289
\l__fontspec_emdef_int=\count290
\l__fontspec_strong_int=\count291
\l__fontspec_strongdef_int=\count292
\l__fontspec_tmpa_dim=\dimen148
\l__fontspec_tmpb_dim=\dimen149
\l__fontspec_tmpc_dim=\dimen150
 (C:/Users/dimit/AppData/Local/Programs/MiKTeX/tex/latex/base/fontenc.sty
Package: fontenc 2024/12/21 v2.1c Standard LaTeX package
) (C:/Users/dimit/AppData/Local/Programs/MiKTeX/tex/latex/fontspec/fontspec.cfg
))) (C:/Users/dimit/AppData/Local/Programs/MiKTeX/tex/generic/babel/babel.sty
Package: babel 2025/10/22 v25.14 The multilingual framework for LuaLaTeX, pdfLa
TeX and XeLaTeX

(C:/Users/dimit/AppData/Local/Programs/MiKTeX/tex/generic/babel/luababel.def
\bbl@readstream=\read2
\l@afrikaans=\language2
Package babel Info: Non-standard hyphenation setup on input line 118.
\l@ancientgreek=\language3
\l@armenian=\language4
\l@assamese=\language5
\l@basque=\language6
\l@belarusian=\language7
\l@bengali=\language8
\l@bokmal=\language9
\l@bulgarian=\language10
\l@catalan=\language11
\l@churchslavonic=\language12
\l@classiclatin=\language13
\l@coptic=\language14
\l@croatian=\language15
\l@czech=\language16
\l@danish=\language17
\l@dutch=\language18
\l@esperanto=\language19
\l@estonian=\language20
\l@ethiopic=\language21
\l@finnish=\language22
\l@french=\language23
\l@friulan=\language24
\l@galician=\language25
\l@georgian=\language26
\l@german=\language27
\l@greek=\language28
\l@gujarati=\language29
\l@hindi=\language30
\l@hungarian=\language31
\l@icelandic=\language32
\l@indonesian=\language33
\l@interlingua=\language34
\l@irish=\language35
\l@italian=\language36
\l@kannada=\language37
\l@kurmanji=\language38
\l@latin=\language39
\l@latvian=\language40
\l@lithuanian=\language41
\l@liturgicallatin=\language42
\l@macedonian=\language43
\l@malayalam=\language44
\l@marathi=\language45
\l@mongolian=\language46
\l@mongolianlmc=\language47
\l@monogreek=\language48
\l@ngerman=\language49
\l@nynorsk=\language50
\l@occitan=\language51
\l@oriya=\language52
\l@pali=\language53
\l@panjabi=\language54
\l@piedmontese=\language55
\l@polish=\language56
\l@portuguese=\language57
\l@romanian=\language58
\l@romansh=\language59
\l@russian=\language60
\l@sanskrit=\language61
\l@serbian=\language62
\l@serbianc=\language63
\l@slovak=\language64
\l@slovenian=\language65
\l@spanish=\language66
\l@swedish=\language67
\l@swissgerman=\language68
\l@tamil=\language69
\l@telugu=\language70
\l@thai=\language71
\l@turkish=\language72
\l@turkmen=\language73
\l@ukenglish=\language74
\l@ukrainian=\language75
\l@uppersorbian=\language76
\l@usenglishmax=\language77
\l@welsh=\language78
\babelcatcodetablenum=\catcodetable14
\bbl@pattcodes=\catcodetable15
)
\babel@savecnt=\count293
LaTeX Encoding Info:    Redeclaring text command \ij (encoding OT1) on input li
ne 2050.
LaTeX Encoding Info:    Redeclaring text command \IJ (encoding OT1) on input li
ne 2052.
LaTeX Encoding Info:    Redeclaring text command \ij (encoding T1) on input lin
e 2054.
LaTeX Encoding Info:    Redeclaring text command \IJ (encoding T1) on input lin
e 2055.
LaTeX Encoding Info:    Ignoring declaration for text command \ij (encoding ?) 
on input line 2056.
LaTeX Encoding Info:    Ignoring declaration for text command \IJ (encoding ?) 
on input line 2058.
LaTeX Encoding Info:    Ignoring declaration for text command \SS (encoding ?) 
on input line 2083.
\U@D=\dimen151
\l@unhyphenated=\language79

(C:/Users/dimit/AppData/Local/Programs/MiKTeX/tex/generic/babel/luababel.def
\bbl@attr@locale=\attribute4
)

Package babel Warning: Configuration files are deprecated, as
(babel)                they can break document portability.
(babel)                Reported on input line 4172.

*************************************
* Local config file bblopts.cfg used
*
(C:/Users/dimit/AppData/Local/Programs/MiKTeX/tex/latex/arabi/bblopts.cfg
File: bblopts.cfg 2005/09/08 v0.1 add Arabic and Farsi to "declared" options of
 babel
)
(C:/Users/dimit/AppData/Local/Programs/MiKTeX/tex/generic/babel/locale/el/babel
-greek.tex)
(C:/Users/dimit/AppData/Local/Programs/MiKTeX/tex/generic/babel/locale/en/babel
-english.tex)
Package babel Info: Importing font and identification data for greek
(babel)             from babel-el.ini. Reported on input line 4295.

(C:/Users/dimit/AppData/Local/Programs/MiKTeX/tex/latex/babel-greek/greek.ldf
Language: greek 2023/10/13 1.15 Greek support for the babel system
\bbl@monogreek=\count294
\bbl@polygreek=\count295
\bbl@ancientgreek=\count296

(C:/Users/dimit/AppData/Local/Programs/MiKTeX/tex/latex/greek-fontenc/tuenc-gre
ek.def
File: tuenc-greek.def 2023-09-12 2.5 Greek LICRs for XeTeX and LuaTeX

(C:/Users/dimit/AppData/Local/Programs/MiKTeX/tex/latex/greek-fontenc/greek-fon
tenc.def
File: greek-fontenc.def 2023-09-12 2.5 Common Greek font encoding definitions
)
LaTeX Encoding Info:    Redeclaring text symbol \textmu (encoding TU) on input 
line 215.
LaTeX Encoding Info:    Redeclaring text symbol \textohm (encoding TU) on input
 line 350.
)
LaTeX Encoding Info:    Ignoring declaration for text command \textmugreek (enc
oding TU) on input line 638.

(C:/Users/dimit/AppData/Local/Programs/MiKTeX/tex/generic/hyph-utf8/loadhyph/lo
adhyph-el-polyton.tex
UTF-8 Hyphenation patterns for multi-accent (polytonic) Modern Greek
(C:/Users/dimit/AppData/Local/Programs/MiKTeX/tex/generic/hyph-utf8/patterns/te
x/hyph-el-polyton.tex)))
Package babel Info: Importing font and identification data for english
(babel)             from babel-en.ini. Reported on input line 4295.

(C:/Users/dimit/AppData/Local/Programs/MiKTeX/tex/latex/babel-english/english.l
df
Language: english 2017/06/06 v3.3r English support from the babel system
Package babel Info: Hyphen rules for 'canadian' set to \l@english
(babel)             (\language0). Reported on input line 102.
Package babel Info: Hyphen rules for 'australian' set to \l@ukenglish
(babel)             (\language74). Reported on input line 105.
Package babel Info: Hyphen rules for 'newzealand' set to \l@ukenglish
(babel)             (\language74). Reported on input line 108.
))
luaotfload | cache : Lookup cache loaded from C:/Users/dimit/AppData/Local/MiKTe
X/luatex-cache/generic/names/luaotfload-lookup-cache.luc.

Package fontspec Info: 
(fontspec)             Font family 'TimesNewRoman(0)' created for font 'Times
(fontspec)             New Roman' with options [Ligatures=TeX].
(fontspec)              
(fontspec)              This font family consists of the following NFSS
(fontspec)             series/shapes:
(fontspec)              
(fontspec)             - 'normal' (m/n) with NFSS spec.: <->"name:Times New
(fontspec)             Roman:mode=node;script=latn;language=dflt;+tlig;"
(fontspec)             - 'small caps'  (m/sc) with NFSS spec.: <->"name:Times
(fontspec)             New
(fontspec)             Roman:mode=node;script=latn;language=dflt;+tlig;+smcp;"
(fontspec)             - 'bold' (b/n) with NFSS spec.: <->"name:Times New
(fontspec)             Roman/B:mode=node;script=latn;language=dflt;+tlig;"
(fontspec)             - 'bold small caps'  (b/sc) with NFSS spec.:
(fontspec)             <->"name:Times New
(fontspec)             Roman/B:mode=node;script=latn;language=dflt;+tlig;+smcp;
"
(fontspec)             - 'italic' (m/it) with NFSS spec.: <->"name:Times New
(fontspec)             Roman/I:mode=node;script=latn;language=dflt;+tlig;"
(fontspec)             - 'italic small caps'  (m/scit) with NFSS spec.:
(fontspec)             <->"name:Times New
(fontspec)             Roman/I:mode=node;script=latn;language=dflt;+tlig;+smcp;
"
(fontspec)             - 'bold italic' (b/it) with NFSS spec.: <->"name:Times
(fontspec)             New
(fontspec)             Roman/BI:mode=node;script=latn;language=dflt;+tlig;"
(fontspec)             - 'bold italic small caps'  (b/scit) with NFSS spec.:
(fontspec)             <->"name:Times New
(fontspec)             Roman/BI:mode=node;script=latn;language=dflt;+tlig;+smcp
;"


(C:/Users/dimit/AppData/Local/Programs/MiKTeX/tex/latex/geometry/geometry.sty
Package: geometry 2020/01/02 v5.9 Page Geometry

(C:/Users/dimit/AppData/Local/Programs/MiKTeX/tex/latex/graphics/keyval.sty
Package: keyval 2022/05/29 v1.15 key=value parser (DPC)
\KV@toks@=\toks17
)
(C:/Users/dimit/AppData/Local/Programs/MiKTeX/tex/generic/iftex/ifvtex.sty
Package: ifvtex 2019/10/25 v1.7 ifvtex legacy package. Use iftex instead.

(C:/Users/dimit/AppData/Local/Programs/MiKTeX/tex/generic/iftex/iftex.sty
Package: iftex 2024/12/12 v1.0g TeX engine tests
))
\Gm@cnth=\count297
\Gm@cntv=\count298
\c@Gm@tempcnt=\count299
\Gm@bindingoffset=\dimen152
\Gm@wd@mp=\dimen153
\Gm@odd@mp=\dimen154
\Gm@even@mp=\dimen155
\Gm@layoutwidth=\dimen156
\Gm@layoutheight=\dimen157
\Gm@layouthoffset=\dimen158
\Gm@layoutvoffset=\dimen159
\Gm@dimlist=\toks18

(C:/Users/dimit/AppData/Local/Programs/MiKTeX/tex/latex/geometry/geometry.cfg)) (C:/Users/dimit/AppData/Local/Programs/MiKTeX/tex/latex/graphics/graphicx.sty
Package: graphicx 2024/12/31 v1.2e Enhanced LaTeX Graphics (DPC,SPQR)

(C:/Users/dimit/AppData/Local/Programs/MiKTeX/tex/latex/graphics/graphics.sty
Package: graphics 2024/08/06 v1.4g Standard LaTeX Graphics (DPC,SPQR)

(C:/Users/dimit/AppData/Local/Programs/MiKTeX/tex/latex/graphics/trig.sty
Package: trig 2023/12/02 v1.11 sin cos tan (DPC)
)
(C:/Users/dimit/AppData/Local/Programs/MiKTeX/tex/latex/graphics-cfg/graphics.c
fg
File: graphics.cfg 2016/06/04 v1.11 sample graphics configuration
)
Package graphics Info: Driver file: luatex.def on input line 106.

(C:/Users/dimit/AppData/Local/Programs/MiKTeX/tex/latex/graphics-def/luatex.def
File: luatex.def 2025/09/29 v1.2f Graphics/color driver for luatex
))
\Gin@req@height=\dimen160
\Gin@req@width=\dimen161
)
(C:/Users/dimit/AppData/Local/Programs/MiKTeX/tex/latex/hyperref/hyperref.sty
Package: hyperref 2025-07-12 v7.01o Hypertext links for LaTeX

(C:/Users/dimit/AppData/Local/Programs/MiKTeX/tex/latex/kvsetkeys/kvsetkeys.sty
Package: kvsetkeys 2022-10-05 v1.19 Key value parser (HO)
)
(C:/Users/dimit/AppData/Local/Programs/MiKTeX/tex/generic/kvdefinekeys/kvdefine
keys.sty
Package: kvdefinekeys 2019-12-19 v1.6 Define keys (HO)
)
(C:/Users/dimit/AppData/Local/Programs/MiKTeX/tex/generic/pdfescape/pdfescape.s
ty
Package: pdfescape 2019/12/09 v1.15 Implements pdfTeX's escape features (HO)

(C:/Users/dimit/AppData/Local/Programs/MiKTeX/tex/generic/ltxcmds/ltxcmds.sty
Package: ltxcmds 2023-12-04 v1.26 LaTeX kernel commands for general use (HO)
)
(C:/Users/dimit/AppData/Local/Programs/MiKTeX/tex/generic/pdftexcmds/pdftexcmds
.sty
Package: pdftexcmds 2020-06-27 v0.33 Utility functions of pdfTeX for LuaTeX (HO
)

(C:/Users/dimit/AppData/Local/Programs/MiKTeX/tex/generic/infwarerr/infwarerr.s
ty
Package: infwarerr 2019/12/03 v1.5 Providing info/warning/error messages (HO)
)
Package pdftexcmds Info: \pdf@primitive is available.
Package pdftexcmds Info: \pdf@ifprimitive is available.
Package pdftexcmds Info: \pdfdraftmode found.
\pdftexcmds@toks=\toks19
))
(C:/Users/dimit/AppData/Local/Programs/MiKTeX/tex/latex/hycolor/hycolor.sty
Package: hycolor 2020-01-27 v1.10 Color options for hyperref/bookmark (HO)
)
(C:/Users/dimit/AppData/Local/Programs/MiKTeX/tex/latex/hyperref/nameref.sty
Package: nameref 2025-06-21 v2.57 Cross-referencing by name of section

(C:/Users/dimit/AppData/Local/Programs/MiKTeX/tex/latex/refcount/refcount.sty
Package: refcount 2019/12/15 v3.6 Data extraction from label references (HO)
)
(C:/Users/dimit/AppData/Local/Programs/MiKTeX/tex/generic/gettitlestring/gettit
lestring.sty
Package: gettitlestring 2019/12/15 v1.6 Cleanup title references (HO)

(C:/Users/dimit/AppData/Local/Programs/MiKTeX/tex/latex/kvoptions/kvoptions.sty
Package: kvoptions 2022-06-15 v3.15 Key value format for package options (HO)
))
\c@section@level=\count300
)
(C:/Users/dimit/AppData/Local/Programs/MiKTeX/tex/latex/etoolbox/etoolbox.sty
Package: etoolbox 2025/10/02 v2.5m e-TeX tools for LaTeX (JAW)
\etb@tempcnta=\count301
)
(C:/Users/dimit/AppData/Local/Programs/MiKTeX/tex/generic/stringenc/stringenc.s
ty
Package: stringenc 2019/11/29 v1.12 Convert strings between diff. encodings (HO
)
)
\@linkdim=\dimen162
\Hy@linkcounter=\count302
\Hy@pagecounter=\count303
 (C:/Users/dimit/AppData/Local/Programs/MiKTeX/tex/latex/hyperref/pd1enc.def
File: pd1enc.def 2025-07-12 v7.01o Hyperref: PDFDocEncoding definition (HO)
) (C:/Users/dimit/AppData/Local/Programs/MiKTeX/tex/generic/intcalc/intcalc.sty
Package: intcalc 2019/12/15 v1.3 Expandable calculations with integers (HO)
)
\Hy@SavedSpaceFactor=\count304
 (C:/Users/dimit/AppData/Local/Programs/MiKTeX/tex/latex/hyperref/puenc.def
File: puenc.def 2025-07-12 v7.01o Hyperref: PDF Unicode definition (HO)

(C:/Users/dimit/AppData/Local/Programs/MiKTeX/tex/latex/greek-fontenc/puenc-gre
ek.def
File: puenc-greek.def 2023-09-12 2.5 Greek LICRs for PDF strings

(C:/Users/dimit/AppData/Local/Programs/MiKTeX/tex/latex/greek-fontenc/greek-fon
tenc.def
File: greek-fontenc.def 2023-09-12 2.5 Common Greek font encoding definitions
)
LaTeX Encoding Info:    Redeclaring text command \textmu (encoding PU) on input
 line 179.
)
LaTeX Encoding Info:    Redeclaring text command \textohm (encoding PU) on inpu
t line 1176.
)
Package hyperref Info: Option `colorlinks' set `true' on input line 4066.
Package hyperref Info: Hyper figures OFF on input line 4195.
Package hyperref Info: Link nesting OFF on input line 4200.
Package hyperref Info: Hyper index ON on input line 4203.
Package hyperref Info: Plain pages OFF on input line 4210.
Package hyperref Info: Backreferencing OFF on input line 4215.
Package hyperref Info: Implicit mode ON; LaTeX internals redefined.
Package hyperref Info: Bookmarks ON on input line 4462.
\c@Hy@tempcnt=\count305
 (C:/Users/dimit/AppData/Local/Programs/MiKTeX/tex/latex/url/url.sty
\Urlmuskip=\muskip17
Package: url 2013/09/16  ver 3.4  Verb mode for urls, etc.
)
LaTeX Info: Redefining \url on input line 4801.
\XeTeXLinkMargin=\dimen163
 (C:/Users/dimit/AppData/Local/Programs/MiKTeX/tex/generic/bitset/bitset.sty
Package: bitset 2019/12/09 v1.3 Handle bit-vector datatype (HO)

(C:/Users/dimit/AppData/Local/Programs/MiKTeX/tex/generic/bigintcalc/bigintcalc
.sty
Package: bigintcalc 2019/12/15 v1.5 Expandable calculations on big integers (HO
)
))
\Fld@menulength=\count306
\Field@Width=\dimen164
\Fld@charsize=\dimen165
Package hyperref Info: Hyper figures OFF on input line 6078.
Package hyperref Info: Link nesting OFF on input line 6083.
Package hyperref Info: Hyper index ON on input line 6086.
Package hyperref Info: backreferencing OFF on input line 6093.
Package hyperref Info: Link coloring ON on input line 6096.
Package hyperref Info: Link coloring with OCG OFF on input line 6103.
Package hyperref Info: PDF/A mode OFF on input line 6108.
\Hy@abspage=\count307
\c@Item=\count308
\c@Hfootnote=\count309
)
Package hyperref Info: Driver (autodetected): hluatex.

(C:/Users/dimit/AppData/Local/Programs/MiKTeX/tex/latex/hyperref/hluatex.def
File: hluatex.def 2025-07-12 v7.01o Hyperref driver for luaTeX
\Fld@listcount=\count310
\c@bookmark@seq@number=\count311

(C:/Users/dimit/AppData/Local/Programs/MiKTeX/tex/latex/rerunfilecheck/rerunfil
echeck.sty
Package: rerunfilecheck 2025-06-21 v1.11 Rerun checks for auxiliary files (HO)

(C:/Users/dimit/AppData/Local/Programs/MiKTeX/tex/generic/uniquecounter/uniquec
ounter.sty
Package: uniquecounter 2019/12/15 v1.4 Provide unlimited unique counter (HO)
)
Package uniquecounter Info: New unique counter `rerunfilecheck' on input line 2
84.
)
\Hy@SectionHShift=\skip51
) (./outlong.aux)
\openout1 = outlong.aux

LaTeX Font Info:    Checking defaults for OML/cmm/m/it on input line 14.
LaTeX Font Info:    ... okay on input line 14.
LaTeX Font Info:    Checking defaults for OMS/cmsy/m/n on input line 14.
LaTeX Font Info:    ... okay on input line 14.
LaTeX Font Info:    Checking defaults for OT1/cmr/m/n on input line 14.
LaTeX Font Info:    ... okay on input line 14.
LaTeX Font Info:    Checking defaults for T1/cmr/m/n on input line 14.
LaTeX Font Info:    ... okay on input line 14.
LaTeX Font Info:    Checking defaults for TS1/cmr/m/n on input line 14.
LaTeX Font Info:    ... okay on input line 14.
LaTeX Font Info:    Checking defaults for TU/lmr/m/n on input line 14.
LaTeX Font Info:    ... okay on input line 14.
LaTeX Font Info:    Checking defaults for OMX/cmex/m/n on input line 14.
LaTeX Font Info:    ... okay on input line 14.
LaTeX Font Info:    Checking defaults for U/cmr/m/n on input line 14.
LaTeX Font Info:    ... okay on input line 14.
LaTeX Font Info:    Checking defaults for PD1/pdf/m/n on input line 14.
LaTeX Font Info:    ... okay on input line 14.
LaTeX Font Info:    Checking defaults for PU/pdf/m/n on input line 14.
LaTeX Font Info:    ... okay on input line 14.

Package fontspec Info: 
(fontspec)             Adjusting the maths setup (use [no-math] to avoid
(fontspec)             this).

\symlegacymaths=\mathgroup4
LaTeX Font Info:    Overwriting symbol font `legacymaths' in version `bold'
(Font)                  OT1/cmr/m/n --> OT1/cmr/bx/n on input line 14.
LaTeX Font Info:    Redeclaring math accent \acute on input line 14.
LaTeX Font Info:    Redeclaring math accent \grave on input line 14.
LaTeX Font Info:    Redeclaring math accent \ddot on input line 14.
LaTeX Font Info:    Redeclaring math accent \tilde on input line 14.
LaTeX Font Info:    Redeclaring math accent \bar on input line 14.
LaTeX Font Info:    Redeclaring math accent \breve on input line 14.
LaTeX Font Info:    Redeclaring math accent \check on input line 14.
LaTeX Font Info:    Redeclaring math accent \hat on input line 14.
LaTeX Font Info:    Redeclaring math accent \dot on input line 14.
LaTeX Font Info:    Redeclaring math accent \mathring on input line 14.
LaTeX Font Info:    Redeclaring math symbol \colon on input line 14.
LaTeX Font Info:    Redeclaring math symbol \Gamma on input line 14.
LaTeX Font Info:    Redeclaring math symbol \Delta on input line 14.
LaTeX Font Info:    Redeclaring math symbol \Theta on input line 14.
LaTeX Font Info:    Redeclaring math symbol \Lambda on input line 14.
LaTeX Font Info:    Redeclaring math symbol \Xi on input line 14.
LaTeX Font Info:    Redeclaring math symbol \Pi on input line 14.
LaTeX Font Info:    Redeclaring math symbol \Sigma on input line 14.
LaTeX Font Info:    Redeclaring math symbol \Upsilon on input line 14.
LaTeX Font Info:    Redeclaring math symbol \Phi on input line 14.
LaTeX Font Info:    Redeclaring math symbol \Psi on input line 14.
LaTeX Font Info:    Redeclaring math symbol \Omega on input line 14.
LaTeX Font Info:    Redeclaring math symbol \mathdollar on input line 14.
LaTeX Font Info:    Redeclaring symbol font `operators' on input line 14.
LaTeX Font Info:    Encoding `OT1' has changed to `TU' for symbol font
(Font)              `operators' in the math version `normal' on input line 14.
LaTeX Font Info:    Overwriting symbol font `operators' in version `normal'
(Font)                  OT1/cmr/m/n --> TU/TimesNewRoman(0)/m/n on input line 1
4.
LaTeX Font Info:    Encoding `OT1' has changed to `TU' for symbol font
(Font)              `operators' in the math version `bold' on input line 14.
LaTeX Font Info:    Overwriting symbol font `operators' in version `bold'
(Font)                  OT1/cmr/bx/n --> TU/TimesNewRoman(0)/m/n on input line 
14.
LaTeX Font Info:    Overwriting symbol font `operators' in version `normal'
(Font)                  TU/TimesNewRoman(0)/m/n --> TU/TimesNewRoman(0)/m/n on 
input line 14.
LaTeX Font Info:    Overwriting math alphabet `\mathit' in version `normal'
(Font)                  OT1/cmr/m/it --> TU/TimesNewRoman(0)/m/it on input line
 14.
LaTeX Font Info:    Overwriting math alphabet `\mathbf' in version `normal'
(Font)                  OT1/cmr/bx/n --> TU/TimesNewRoman(0)/b/n on input line 
14.
LaTeX Font Info:    Overwriting math alphabet `\mathsf' in version `normal'
(Font)                  OT1/cmss/m/n --> TU/lmss/m/n on input line 14.
LaTeX Font Info:    Overwriting math alphabet `\mathtt' in version `normal'
(Font)                  OT1/cmtt/m/n --> TU/lmtt/m/n on input line 14.
LaTeX Font Info:    Overwriting symbol font `operators' in version `bold'
(Font)                  TU/TimesNewRoman(0)/m/n --> TU/TimesNewRoman(0)/b/n on 
input line 14.
LaTeX Font Info:    Overwriting math alphabet `\mathit' in version `bold'
(Font)                  OT1/cmr/bx/it --> TU/TimesNewRoman(0)/b/it on input lin
e 14.
LaTeX Font Info:    Overwriting math alphabet `\mathsf' in version `bold'
(Font)                  OT1/cmss/bx/n --> TU/lmss/b/n on input line 14.
LaTeX Font Info:    Overwriting math alphabet `\mathtt' in version `bold'
(Font)                  OT1/cmtt/m/n --> TU/lmtt/b/n on input line 14.

*geometry* driver: auto-detecting
*geometry* detected driver: luatex
*geometry* verbose mode - [ preamble ] result:
* driver: luatex
* paper: a4paper
* layout: <same size as paper>
* layoutoffset:(h,v)=(0.0pt,0.0pt)
* modes: 
* h-part:(L,W,R)=(71.13188pt, 455.24411pt, 71.13188pt)
* v-part:(T,H,B)=(71.13188pt, 702.78308pt, 71.13188pt)
* \paperwidth=597.50787pt
* \paperheight=845.04684pt
* \textwidth=455.24411pt
* \textheight=702.78308pt
* \oddsidemargin=-1.1381pt
* \evensidemargin=-1.1381pt
* \topmargin=-38.1381pt
* \headheight=12.0pt
* \headsep=25.0pt
* \topskip=12.0pt
* \footskip=30.0pt
* \marginparwidth=35.0pt
* \marginparsep=10.0pt
* \columnsep=10.0pt
* \skip\footins=10.8pt plus 4.0pt minus 2.0pt
* \hoffset=0.0pt
* \voffset=0.0pt
* \mag=1000
* \@twocolumnfalse
* \@twosidefalse
* \@mparswitchfalse
* \@reversemarginfalse
* (1in=72.27pt=25.4mm, 1cm=28.453pt)


(C:/Users/dimit/AppData/Local/Programs/MiKTeX/tex/context/base/mkii/supp-pdf.mk
ii
[Loading MPS to PDF converter (version 2006.09.02).]
\scratchcounter=\count312
\scratchdimen=\dimen166
\scratchbox=\box53
\nofMPsegments=\count313
\nofMParguments=\count314
\everyMPshowfont=\toks20
\MPscratchCnt=\count315
\MPscratchDim=\dimen167
\MPnumerator=\count316
\makeMPintoPDFobject=\count317
\everyMPtoPDFconversion=\toks21
)
(C:/Users/dimit/AppData/Local/Programs/MiKTeX/tex/latex/epstopdf-pkg/epstopdf-b
ase.sty
Package: epstopdf-base 2020-01-24 v2.11 Base part for package epstopdf
Package epstopdf-base Info: Redefining graphics rule for `.eps' on input line 4
85.

(C:/Users/dimit/AppData/Local/Programs/MiKTeX/tex/latex/00miktex/epstopdf-sys.c
fg
File: epstopdf-sys.cfg 2021/03/18 v2.0 Configuration of epstopdf for MiKTeX
)) (C:/Users/dimit/AppData/Local/Programs/MiKTeX/tex/latex/graphics/color.sty
Package: color 2025/01/14 v1.3e Standard LaTeX Color (DPC)
(C:/Users/dimit/AppData/Local/Programs/MiKTeX/tex/latex/graphics-cfg/color.cfg
File: color.cfg 2016/01/02 v1.6 sample color configuration
)
Package color Info: Driver file: luatex.def on input line 149.
(C:/Users/dimit/AppData/Local/Programs/MiKTeX/tex/latex/graphics/mathcolor.ltx))
Package hyperref Info: Link coloring ON on input line 14.
 (./outlong.out) (./outlong.out)
\@outlinefile=\write3

\openout3 = outlong.out
<images/logo.png, id=159, 488.5452pt x 177.3024pt>
File: images/logo.png Graphic file (type png)
<use images/logo.png>
Package luatex.def Info: images/logo.png  used on input line 20.
(luatex.def)             Requested size: 182.09486pt x 66.08511pt.


[1

{C:/Users/dimit/AppData/Local/MiKTeX/fonts/map/pdftex/pdftex.map}<./images/logo.
png>] (./outlong.toc
LaTeX Font Info:    External font `cmex10' loaded for size
(Font)              <12> on input line 3.
LaTeX Font Info:    External font `cmex10' loaded for size
(Font)              <8> on input line 3.
LaTeX Font Info:    External font `cmex10' loaded for size
(Font)              <6> on input line 3.



warning  (pdf backend): ignoring duplicate destination with the name 'page.1'
[1])
\tf@toc=\write4

\openout4 = outlong.toc


[2]
Overfull \hbox (40.18051pt too wide) in paragraph at lines 51--52
\TU/TimesNewRoman(0)/m/n/12 επιτρέπει την κατανόηση τη
ς αγοραστικής πρόθεσης των καταναλωτών, τη
ν παροχή προσωποποιημένων
 []


Overfull \hbox (18.78207pt too wide) in paragraph at lines 51--52
\TU/TimesNewRoman(0)/m/n/12 συστάσεων προϊόντων σε πρα
γματικό χρόνο, τη βελτιστοποίηση της αρχιτ
εκτονικής των ιστοτόπων,
 []


Overfull \hbox (9.33742pt too wide) in paragraph at lines 51--52
\TU/TimesNewRoman(0)/m/n/12 καθώς και την έγκαιρη ανίχν
ευση κακόβουλων συμπεριφορών. Για τον λόγο 
αυτό, η επιστημονική
 []


Overfull \hbox (2.93637pt too wide) in paragraph at lines 54--55
\TU/TimesNewRoman(0)/m/n/12 για λανθάνουσες ψυχολογικέ
ς καταστάσεις και κίνητρα των χρηστών, βασ
ιζόμενοι αποκλειστικά
 []


Overfull \hbox (12.78273pt too wide) in paragraph at lines 54--55
\TU/TimesNewRoman(0)/m/n/12 σε επιφανειακές καταγραφές 
κλικ. Παράλληλα, οι σύγχρονες βιομηχανικές 
απαιτήσεις επιβάλλουν
 []


Overfull \hbox (29.45395pt too wide) in paragraph at lines 56--57
[]\TU/TimesNewRoman(0)/m/n/12 Για την αντιμετώπιση αυτώ
ν των προκλήσεων, η βιβλιογραφία έχει παρο
υσιάσει μια αξιοσημείωτη
 []


Overfull \hbox (22.91214pt too wide) in paragraph at lines 58--59
\TU/TimesNewRoman(0)/m/n/12 Hid-den Markov Mod-els (MH-MMs) για την απ
οτύπωση των κρυφών καταστάσεων πλοήγησης. 
 []


Overfull \hbox (10.95901pt too wide) in paragraph at lines 59--60
[]\TU/TimesNewRoman(0)/b/n/12 Em-bed-dings: \TU/TimesNewRoman(0)/m/n/12 Εφα
ρμογή τεχνικών όπως το Pat-tern2Vec για τη μετατ
ροπή των αλληλουχιών
 []


Overfull \hbox (15.33107pt too wide) in paragraph at lines 61--62
\TU/TimesNewRoman(0)/m/n/12 Net-works (RNNs) και αρχιτεκτονικέ
ς Trans-form-ers (Click-streamGPT) για τη μοντελοποίηση
 []


Overfull \hbox (27.69339pt too wide) in paragraph at lines 69--70
[]\TU/TimesNewRoman(0)/m/n/12 Στην Ενότητα 2 παρουσιάζετ
αι το γενικότερο θεωρητικό υπόβαθρο της σχ
ετικής βιβλιογραφίας. 
 []



[3]
Overfull \hbox (24.26956pt too wide) in paragraph at lines 78--79
\TU/TimesNewRoman(0)/m/n/12 αναγνώριση προτύπων πλοήγη
σης και την αξιοποίηση των ακολουθιών κλικ 
για τη λήψη αποφάσεων.
 []


Overfull \hbox (7.60043pt too wide) in paragraph at lines 78--79
\TU/TimesNewRoman(0)/m/n/12 ενεργειών, αλλά μια πλούσια 
πηγή πληροφορίας για την ερμηνεία της συμπ
εριφοράς των χρηστών
 []


Overfull \hbox (1.49222pt too wide) in paragraph at lines 82--83
\TU/TimesNewRoman(0)/m/n/12 πλεονέκτημα των HMMs είναι ότ
ι επιτρέπουν τη συμπύκνωση πληροφορίας σε 
ένα ερμηνεύσιμο
 []


LaTeX Warning: Citation `Urso2024' on page 4 undefined on input line 84.


Overfull \hbox (6.97934pt too wide) in paragraph at lines 84--85
\TU/TimesNewRoman(0)/m/n/12 αριθμού hid-den states και clus-ters π
αραμένει κρίσιμο ζήτημα, και συνήθως εξετά
ζεται με κριτήρια
 []



[4]
Overfull \hbox (11.11526pt too wide) in paragraph at lines 100--101
[]\TU/TimesNewRoman(0)/m/n/12 Τα MH-MMs προσφέρουν μια ουσι
αστικότερη προσέγγιση στην ομαδοποίηση τω
ν ακολουθιών
 []


Overfull \hbox (9.55942pt too wide) in paragraph at lines 100--101
\TU/TimesNewRoman(0)/m/n/12 λανθανουσών μαρκοβιανών δι
αδικασιών, καθεμία από τις οποίες αντιστοι
χεί σε έναν διαφορετικό,
 []



[5]
Overfull \hbox (3.25198pt too wide) in paragraph at lines 109--110
[]\TU/TimesNewRoman(0)/b/n/12 Αξιολόγηση μέσω Monte Carlo προ
σομοιώσεων: \TU/TimesNewRoman(0)/m/n/12 Οι συγγραφείς ε
ξέτασαν την απόδοση
 []


Overfull \hbox (8.40121pt too wide) in paragraph at lines 109--110
\TU/TimesNewRoman(0)/m/n/12 διάφορα σενάρια, μεταβάλλο
ντας το μήκος των ακολουθιών και τον αριθμ
ό των δεδομένων.
 []


Overfull \hbox (8.6207pt too wide) in paragraph at lines 115--116
[]\TU/TimesNewRoman(0)/b/n/12 «Αναζητητής πληροφοριών» (I
n-for-ma-tion seeker): \TU/TimesNewRoman(0)/m/n/12 Αποτελεί το 19% 
των χρηστών.
 []


Overfull \hbox (18.98282pt too wide) in paragraph at lines 117--118
\TU/TimesNewRoman(0)/m/n/12 αγοραστικές ενέργειες, όπω
ς η εύρεση διαμονής (Ac-com-mo-da-tion) ή τοπικών εμ
πειριών
 []


Overfull \hbox (30.52347pt too wide) in paragraph at lines 122--123
\TU/TimesNewRoman(0)/m/n/12 διαχωρισμού μεταξύ των λαν
θανουσών κλάσεων (δηλαδή των διαφορετικών 
προφίλ που προκύπτουν). 
 []


Overfull \hbox (12.71115pt too wide) in paragraph at lines 124--125
\TU/TimesNewRoman(0)/m/n/12 της In-te-grated Com-pleted Like-li-hood (ICL). 
Το νέο κριτήριο, $\OML/cmm/m/it/12 BIC[]$\TU/TimesNewRoman(0)/m/n/
12 , λειτουργεί ως μια προσέγγιση
 []


Overfull \hbox (2.21683pt too wide) in paragraph at lines 128--129
[]\TU/TimesNewRoman(0)/b/n/12 Την παρατηρούμενη λογαριθ
μική πιθανοφάνεια (log-likelihood): \TU/TimesNewRoman(0)/m/n/12
 Αξιολογεί τον βαθμό
 []



[6]
Overfull \hbox (23.61136pt too wide) in paragraph at lines 136--137
\TU/TimesNewRoman(0)/m/n/12 είναι πολύ πιο αποτελεσματ
ική από τα παραδοσιακά κριτήρια όταν αναλύ
ονται σύντομες ακολουθίες,
 []


Overfull \hbox (14.7295pt too wide) in paragraph at lines 138--139
[]\TU/TimesNewRoman(0)/m/n/12 Η ενσωμάτωση της εντροπία
ς επιτρέπει στο μοντέλο να επιλέγει διαμορ
φώσεις με τον καλύτερο
 []


Overfull \hbox (1.28323pt too wide) in paragraph at lines 138--139
\TU/TimesNewRoman(0)/m/n/12 δυνατό διαχωρισμό τόσο μετ
αξύ των διαφορετικών προφίλ χρηστών όσο κα
ι μεταξύ των κρυφών
 []


Overfull \hbox (2.02022pt too wide) in paragraph at lines 138--139
\TU/TimesNewRoman(0)/m/n/12 επιχειρήσεις ηλεκτρονικού 
εμπορίου πολύτιμες γνώσεις για τη στρατηγ
ική τους. Αυτό συμβαίνει
 []


Overfull \hbox (10.88168pt too wide) in paragraph at lines 138--139
\TU/TimesNewRoman(0)/m/n/12 καταστάσεις), αλλά και τους 
πιθανούς λόγους για τους οποίους πλοηγούν
ται με έναν συγκεκριμένο
 []


Overfull \hbox (18.8594pt too wide) in paragraph at lines 144--145
\TU/TimesNewRoman(0)/m/n/12 την ανάλυση της συμπεριφορ
άς και των προθέσεων των καταναλωτών σε πλ
ατφόρμες ηλεκτρονικού
 []


Overfull \hbox (30.23016pt too wide) in paragraph at lines 144--145
\TU/TimesNewRoman(0)/m/n/12 εμπορίου σε πραγματικό χρό
νο. Η έρευνα αυτή υποκινείται από τους περι
ορισμούς των παραδοσιακών
 []


Overfull \hbox (6.22543pt too wide) in paragraph at lines 146--147
[]\TU/TimesNewRoman(0)/m/n/12 Εστιάζοντας στα δεδομένα cli
ck-stream που δημιουργούνται κατά τη πλοήγηση, 
οι συγγραφείς
 []


Overfull \hbox (3.13675pt too wide) in paragraph at lines 146--147
\TU/TimesNewRoman(0)/m/n/12 επιδιώκουν να χαρτογραφήσο
υν τα μοτίβα συμπεριφοράς και την τρέχουσα 
πρόθεση αναζήτησης
 []



[7]
Overfull \hbox (0.11592pt too wide) in paragraph at lines 153--154
\TU/TimesNewRoman(0)/m/n/12 εφαρμόζεται η μέθοδος Col-lo-ca-t
ion μέσω του στατιστικού ελέγχου T-Test. Αυτό ε
πιτρέπει
 []


Overfull \hbox (4.1999pt too wide) in paragraph at lines 153--154
\TU/TimesNewRoman(0)/m/n/12 στο σύστημα να συγκρίνει δι
αφορετικούς πληθυσμούς (π.χ. χρήστες που εξ
ετάζουν ακριβά
 []


Overfull \hbox (7.53323pt too wide) in paragraph at lines 153--154
\TU/TimesNewRoman(0)/m/n/12 έναντι φθηνών προϊόντων) κα
ι να διαπιστώσει εάν οι διαδρομές που ακολ
ουθούν διαφέρουν
 []


Overfull \hbox (4.80081pt too wide) in paragraph at lines 155--156
[]\TU/TimesNewRoman(0)/b/n/12 Πρόβλεψη επόμενου κλικ: \TU/T
imesNewRoman(0)/m/n/12 Χρησιμοποιούνται Μαρκοβιανές 
Αλυσίδες υψηλότερης τάξης
 []


Overfull \hbox (0.9188pt too wide) in paragraph at lines 159--160
\TU/TimesNewRoman(0)/m/n/12 Συνοψίζοντας, η συγκεκριμέ
νη μελέτη καταδεικνύει ότι η ανάλυση του click
-stream των πελατών
 []


Overfull \hbox (9.73325pt too wide) in paragraph at lines 159--160
\TU/TimesNewRoman(0)/m/n/12 δεδομένων και το Apache Storm για 
την επεξεργασία τους, επιτρέπει την αποτελ
εσματική εξαγωγή
 []


Overfull \hbox (14.14145pt too wide) in paragraph at lines 161--162
[]\TU/TimesNewRoman(0)/m/n/12 Επιπροσθέτως, η έρευνα ανέ
δειξε την πρακτική αξία του συνδυασμού προ
ηγμένων αλγορίθμων
 []


Overfull \hbox (0.98682pt too wide) in paragraph at lines 161--162
\TU/TimesNewRoman(0)/m/n/12 δεδομένων, εξασφάλισε απαν
τήσεις με ελάχιστη καθυστέρηση. Η απόδοση 
αυτή επιβεβαιώθηκε
 []


Overfull \hbox (10.81528pt too wide) in paragraph at lines 170--171
\TU/TimesNewRoman(0)/m/n/12 δεδομένα, τα οποία δεν μπορ
ούν να αξιοποιηθούν άμεσα από αλγορίθμους 
μηχανικής μάθησης.Για
 []


Overfull \hbox (20.30045pt too wide) in paragraph at lines 170--171
\TU/TimesNewRoman(0)/m/n/12 μέθοδος υπερτερεί έναντι υ
παρχουσών προσεγγίσεων, όπως οι Word2Vec, Deep-Walk 
και Node2Vec.
 []


Overfull \hbox (4.10123pt too wide) in paragraph at lines 170--171
\TU/TimesNewRoman(0)/m/n/12 Συγκεκριμένα, παρουσίασε υ
ψηλότερες επιδόσεις σε μετρικές αξιολόγησ
ης ομαδοποίησης, όπως
 []


Overfull \hbox (15.37271pt too wide) in paragraph at lines 170--171
\TU/TimesNewRoman(0)/m/n/12 το v-score, η ομοιογένεια (ho-mo-gene-
ity) και η πληρότητα (com-plete-ness), επιτυγχάνοντα
ς ποσοστά
 []



[8]
Overfull \hbox (25.23715pt too wide) in paragraph at lines 174--175
\TU/TimesNewRoman(0)/m/n/12 Αρχικά, συλλέχθηκαν δεδομέ
να click-stream από πραγματική ιστοσελίδα του ηλ
εκτρονικού εμπορίου.
 []


Overfull \hbox (3.35239pt too wide) in paragraph at lines 174--175
\TU/TimesNewRoman(0)/m/n/12 Στη συνέχεια πραγματοποιήθ
ηκε η προεπεξεργασία δεδομένων, η οποία πε
ριλάμβανε καθαρισμό
 []


Overfull \hbox (3.94498pt too wide) in paragraph at lines 174--175
\TU/TimesNewRoman(0)/m/n/12 κανονικών εκφράσεων, ώστε ν
α αντιστοιχιστούν σε γενικότερες κατηγορί
ες.Έπειτα, τα δεδομένα
 []


Overfull \hbox (12.69223pt too wide) in paragraph at lines 174--175
\TU/TimesNewRoman(0)/m/n/12 ότι οι ακολουθίες αντανακλ
ούν την ρεαλιστική συμπεριφορά χρηστών.Στ
η συνέχεια, εφαρμόστηκε
 []


Overfull \hbox (41.00734pt too wide) in paragraph at lines 174--175
\TU/TimesNewRoman(0)/m/n/12 στόχο την αναγνώριση συχνώ
ν και λανθανόντων προτύπων πλοήγησης. Παρά
λληλα, πραγματοποιήθηκε
 []


Overfull \hbox (6.36331pt too wide) in paragraph at lines 174--175
\TU/TimesNewRoman(0)/m/n/12 φιλτράρισμα για την απομάκ
ρυνση πλεοναζόντων ή επικαλυπτόμενων προτ
ύπων.Το κύριο στάδιο
 []


Overfull \hbox (12.7591pt too wide) in paragraph at lines 174--175
\TU/TimesNewRoman(0)/m/n/12 των χαρακτηριστικών. Συγκε
κριμένα, αξιοποιεί τον νόμο του Zipf, ώστε κά
θε URL να συνεισφέρει
 []


Overfull \hbox (20.30551pt too wide) in paragraph at lines 174--175
\TU/TimesNewRoman(0)/m/n/12 αλγόριθμος K-Means και η ιεραρ
χική ομαδοποίηση (Ag-glom-er-a-tive Clus-ter-ing), για τη
ν αξιολόγηση
 []


Overfull \hbox (44.54657pt too wide) in paragraph at lines 174--175
\TU/TimesNewRoman(0)/m/n/12 της ποιότητας των παραγόμε
νων αναπαραστάσεων. Η αξιολόγηση βασίστηκ
ε σε μετρικές ομαδοποίησης,
 []


Overfull \hbox (40.78793pt too wide) in paragraph at lines 178--179
\TU/TimesNewRoman(0)/m/n/12 (fun-nel anal-y-sis) και η αυτοματοπ
οίηση δοκιμής διεπαφής λογισμικού.Τέλος, π
ροτείνονται κατευθύνσεις
 []



[9]
Overfull \hbox (9.75586pt too wide) in paragraph at lines 185--187
\TU/TimesNewRoman(0)/m/n/12 Η προτεινόμενη μεθοδολογία 
UID-KNN αποτελείται από τέσσερα βασικά στάδια 
που συνδυάζουν
 []


Overfull \hbox (1.7917pt too wide) in paragraph at lines 185--187
\TU/TimesNewRoman(0)/m/n/12 καθώς και ο διαχωρισμός των 
ses-sions με βάση τη χρονική δραστηριότητα του 
χρήστη. Επιπλέον
 []


Overfull \hbox (3.97311pt too wide) in paragraph at lines 185--187
\TU/TimesNewRoman(0)/m/n/12 παραμονής σε προϊόντα, αριθ
μός clicks, προσθήκη στο καλάθι, wish-list και ολοκ
λήρωση αγοράς.
 []


Overfull \hbox (4.44418pt too wide) in paragraph at lines 185--187
\TU/TimesNewRoman(0)/m/n/12 User-Item-Detail ma-trix, το οποίο αποτ
ελεί μια πιο αναλυτική μορφή αναπαράσταση
ς δεδομένων
 []


Overfull \hbox (0.76045pt too wide) in paragraph at lines 185--187
\TU/TimesNewRoman(0)/m/n/12 υπάρχει πιο στοχευμένη ανά
λυση και καλύτερη εξατομίκευση. Τέλος εφαρ
μόζεται ο μηχανισμός
 []


Overfull \hbox (13.76532pt too wide) in paragraph at lines 185--187
\TU/TimesNewRoman(0)/m/n/12 συστάσεων που προτείνει τα to
p-N προϊόντα σε κάθε κατηγορία χρηστών. Οι π
ροτάσεις βασίζονται
 []


Overfull \hbox (7.46878pt too wide) in paragraph at lines 189--190
\TU/TimesNewRoman(0)/m/n/12 η ταξινόμηση των χρηστών σε 
τρεις διαφορετικές κατηγορίες συμβάλλει σ
ημαντικά στη βελτίωση
 []



[10]
Overfull \hbox (11.09328pt too wide) in paragraph at lines 199--200
\TU/TimesNewRoman(0)/m/n/12 από θόρυβο και παρεμβαλλόμ
ενες, άσχετες ενέργειες. Με δεδομένο ότι η 
ανθρώπινη συμπεριφορά
 []


Overfull \hbox (4.49026pt too wide) in paragraph at lines 199--200
\TU/TimesNewRoman(0)/m/n/12 click-stream ως ένα στοχαστικό ακ
ολουθιακό πρόβλημα και εισάγουν μια μεθοδ
ολογία βασισμένη
 []


Overfull \hbox (37.33481pt too wide) in paragraph at lines 199--200
\TU/TimesNewRoman(0)/m/n/12 αυτή επιτρέπει την απομόνω
ση και την εξόρυξη συχνών, μη επικαλυπτόμε
νων προτύπων συμπεριφοράς,
 []


Overfull \hbox (6.73245pt too wide) in paragraph at lines 199--200
\TU/TimesNewRoman(0)/m/n/12 διασφαλίζοντας παράλληλα τ
ην υπολογιστική αποδοτικότητα της αναζήτη
σης μέσω της ιδιότητας
 []


Overfull \hbox (6.09964pt too wide) in paragraph at lines 201--202
[]\TU/TimesNewRoman(0)/m/n/12 Για το στάδιο της μοντελοπ
οίησης και της πρόβλεψης των μελλοντικών κ
ινήσεων του χρήστη,
 []


Overfull \hbox (21.57193pt too wide) in paragraph at lines 201--202
\TU/TimesNewRoman(0)/m/n/12 μεταξύ διαδοχικών ενεργειώ
ν, συνδέοντας τα παρατηρούμενα, θορυβώδη μ
οτίβα με τις λανθάνουσες
 []


Overfull \hbox (11.67743pt too wide) in paragraph at lines 203--204
\TU/TimesNewRoman(0)/m/n/12 επιτυχία τις se-quen-tial min-ing τε
χνικές με την πιθανοτική στατιστική μοντε
λοποίηση. Η ικανότητά
 []


Overfull \hbox (21.73245pt too wide) in paragraph at lines 203--204
\TU/TimesNewRoman(0)/m/n/12 της να απομονώνει την ουσια
στική πληροφορία από τις τυχαίες ενέργειε
ς αναδεικνύει την εξελιγμένη
 []


Overfull \hbox (3.95786pt too wide) in paragraph at lines 203--204
\TU/TimesNewRoman(0)/m/n/12 χρήση των Μαρκοβιανών αλυσ
ίδων και των κρυφών καταστάσεων, καθιστώντ
ας την προσέγγιση
 []


Overfull \hbox (21.23245pt too wide) in paragraph at lines 203--204
\TU/TimesNewRoman(0)/m/n/12 αυτή εξαιρετικά ανθεκτική 
και πολύτιμη για την κατανόηση της σύνθετη
ς ανθρώπινης συμπεριφοράς
 []


Overfull \hbox (8.89066pt too wide) in paragraph at lines 207--208
\TU/TimesNewRoman(0)/m/n/12 των χρηστών σε μεγάλες διαδ
ικτυακές πλατφόρμες μέσω της αξιοποίησης cli
ck-stream δεδομένων.
 []


Overfull \hbox (16.77817pt too wide) in paragraph at lines 207--208
\TU/TimesNewRoman(0)/m/n/12 και μη φυσιολογικής δραστη
ριότητας, προσφέροντας ένα ολοκληρωμένο π
λαίσιο για την ανίχνευση
 []


Overfull \hbox (18.3895pt too wide) in paragraph at lines 209--210
[]\TU/TimesNewRoman(0)/m/n/12 Για την υλοποίηση της ανάλ
υσης, οι συγγραφείς προτείνουν τρεις διαφο
ρετικές αναπαραστάσεις
 []


Overfull \hbox (1.07782pt too wide) in paragraph at lines 209--210
\TU/TimesNewRoman(0)/m/n/12 επιτρέποντας την ακριβέστε
ρη κατανόηση της πρόθεσης του χρήστη. Η μέτ
ρηση της ομοιότητας
 []



[11]
Overfull \hbox (10.08481pt too wide) in paragraph at lines 211--212
\TU/TimesNewRoman(0)/m/n/12 ακολουθιών, όταν συνδυάζον
ται με κατάλληλες τεχνικές ομαδοποίησης κ
αι ανάλυσης ομοιότητας,
 []


Overfull \hbox (23.2536pt too wide) in paragraph at lines 211--212
\TU/TimesNewRoman(0)/m/n/12 επισημασμένων δεδομένων. Η 
συγκεκριμένη εργασία ενισχύει τον μεθοδολ
ογικό ιστό της αναφοράς,
 []


Overfull \hbox (15.47073pt too wide) in paragraph at lines 211--212
\TU/TimesNewRoman(0)/m/n/12 αποδεικνύοντας πώς η σύγκρ
ιση ακολουθιακών δομών και οι αλγόριθμοι σ
υσταδοποίησης μπορούν
 []


Overfull \hbox (23.13576pt too wide) in paragraph at lines 215--216
\TU/TimesNewRoman(0)/m/n/12 Η εργασία των Hana-man-thrao και The-j
aswini [[]] επικεντρώνεται στην ανάπτυξη μιας α
ρχιτεκτονικής
 []


Overfull \hbox (8.97153pt too wide) in paragraph at lines 215--216
\TU/TimesNewRoman(0)/m/n/12 πλατφόρμες ηλεκτρονικού εμ
πορίου και τα συστήματα τηλεκπαίδευσης, επ
ιτρέποντας τη γρήγορη
 []


Overfull \hbox (10.08365pt too wide) in paragraph at lines 217--218
\TU/TimesNewRoman(0)/m/n/12 βασίζεται στον συνδυασμό τ
ων Apache Kafka, Apache Spark Stream-ing, Elas-tic-search και Kibana.
 []


Overfull \hbox (1.5993pt too wide) in paragraph at lines 217--218
\TU/TimesNewRoman(0)/m/n/12 και να παρουσιαστούν διαδρ
αστικά μέσω του Kibana. Η υποδομή επιτρέπει τη
ν παρακολούθηση
 []


Overfull \hbox (41.14926pt too wide) in paragraph at lines 219--220
\TU/TimesNewRoman(0)/m/n/12 εργασία προσθέτει σημαντικ
ή αξία στην παρούσα αναφορά, καθώς εισάγει 
το απαραίτητο υποστηρικτικό
 []


Overfull \hbox (15.66214pt too wide) in paragraph at lines 219--220
\TU/TimesNewRoman(0)/m/n/12 Υπενθυμίζει με σαφήνεια ότ
ι η ποιότητα και η αξιοπιστία των εξαγόμεν
ων προτύπων συμπεριφοράς
 []


Overfull \hbox (6.94534pt too wide) in paragraph at lines 225--226
\TU/TimesNewRoman(0)/m/n/12 επεκτάσιμου πλαισίου μηχαν
ικής δεδομένων για την ανάλυση click-stream με ε
πίγνωση πρόθεσης,
 []


Overfull \hbox (1.75394pt too wide) in paragraph at lines 225--226
\TU/TimesNewRoman(0)/m/n/12 ενσωματώνοντας τεχνικές Ex-pla
in-able AI. Κεντρικό κίνητρο της έρευνας αποτελ
εί η διαπίστωση
 []



[12]
Overfull \hbox (13.46924pt too wide) in paragraph at lines 227--228
[]\TU/TimesNewRoman(0)/m/n/12 Η μεθοδολογία βασίζεται σ
ε τέσσερα διαδοχικά στάδια επεξεργασίας. Α
ρχικά, τα ακατέργαστα
 []


Overfull \hbox (21.28694pt too wide) in paragraph at lines 227--228
\TU/TimesNewRoman(0)/m/n/12 εισάγονται σε ένα αγωγό ETL π
ου τα μετασχηματίζει σε δομημένα χαρακτηρ
ιστικά, όπως στατιστικά
 []


Overfull \hbox (18.25227pt too wide) in paragraph at lines 227--228
\TU/TimesNewRoman(0)/m/n/12 χρόνου παραμονής, βάθος πλο
ήγησης και συχνότητα μεταβάσεων. Στη συνέχ
εια, ένας κανονιστικός
 []


Overfull \hbox (15.85434pt too wide) in paragraph at lines 227--228
\TU/TimesNewRoman(0)/m/n/12 ταξινομητής βασισμένος σε 
ευρετικούς κανόνες αναγνωρίζει ανωμαλίες, 
όπως επαναλαμβανόμενες
 []


Overfull \hbox (19.71957pt too wide) in paragraph at lines 227--228
\TU/TimesNewRoman(0)/m/n/12 υποβολές φορμών, βρόχους σύ
νδεσης ή μαζική τροποποίηση παραμέτρων URL. 
Κάθε ταξινομημένη
 []


Overfull \hbox (5.59067pt too wide) in paragraph at lines 229--230
\TU/TimesNewRoman(0)/m/n/12 αναφοράς, καθώς επεκτείνει 
τις αρχές ανίχνευσης ανωμαλιών και μοντελ
οποίησης συμπεριφοράς
 []


Overfull \hbox (26.24496pt too wide) in paragraph at lines 229--230
\TU/TimesNewRoman(0)/m/n/12 που αναπτύχθηκαν στις προη
γούμενες ενότητες, προσθέτοντας το κρίσιμ
ο στρώμα ερμηνευσιμότητας
 []


Overfull \hbox (5.73616pt too wide) in paragraph at lines 232--232
[]\TU/TimesNewRoman(0)/b/n/14.4 Pre-dict-ing on-line shop-ping be-haviour from 
click-stream data us-ing deep
 []


Overfull \hbox (14.86006pt too wide) in paragraph at lines 235--236
\TU/TimesNewRoman(0)/m/n/12 μοντελοποίηση των ses-sions ως 
ακολουθιών page views. Στο πλαίσιο μιας εφαρμογ
ής e-commerce,
 []



[13]
Overfull \hbox (1.15884pt too wide) in paragraph at lines 240--240
[]\TU/TimesNewRoman(0)/b/n/14.4 Ef-fi-cient Long Se-quen-tial User Data Mod-el-i
ng for Click-Through Rate
 []


Overfull \hbox (35.96162pt too wide) in paragraph at lines 243--244
\TU/TimesNewRoman(0)/m/n/12 μεγάλες ακολουθίες συμπερι
φοράς χρηστών σε rec-om-men-da-tion sys-tems. Οι συγγρα
φείς υποστηρίζουν
 []


Overfull \hbox (33.73715pt too wide) in paragraph at lines 243--244
\TU/TimesNewRoman(0)/m/n/12 προτείνουν το ETA-Net, ένα end-to-end
 μοντέλο που σχεδιάστηκε ειδικά για αποδοτ
ική μοντελοποίηση
 []


Overfull \hbox (6.949pt too wide) in paragraph at lines 249--249
[]\TU/TimesNewRoman(0)/b/n/14.4 Click-streamGPT: a transformer-based gen-er-a-ti
ve AI ap-proach to click-
 []


Overfull \hbox (9.43637pt too wide) in paragraph at lines 254--255
\TU/TimesNewRoman(0)/m/n/12 re-cur-rent neu-ral net-works (RNNs), δεν επ
εξεργάζονται τα δεδομένα σειριακά αλλά χρ
ησιμοποιούν
 []


Overfull \hbox (21.56137pt too wide) in paragraph at lines 256--257
[]\TU/TimesNewRoman(0)/m/n/12 Επιπλέον, το self-attention επιτρ
έπει στο μοντέλο να αποδίδει διαφορετικά β
άρη σε προηγούμενα
 []


Overfull \hbox (5.88248pt too wide) in paragraph at lines 256--257
\TU/TimesNewRoman(0)/m/n/12 clicks, ανάλογα με τη σημασία τ
ους για την πρόβλεψη της επόμενης ενέργεια
ς, κάτι που βελτιώνει
 []



[14]
Overfull \hbox (13.90237pt too wide) in paragraph at lines 258--259
\TU/TimesNewRoman(0)/m/n/12 να επεκταθούν πέρα από τις 
εφαρμογές φυσικής γλώσσας και να χρησιμοπ
οιηθούν αποτελεσματικά
 []


Overfull \hbox (18.71762pt too wide) in paragraph at lines 263--264
\TU/TimesNewRoman(0)/m/n/12 αλληλεπιδράσεις των χρηστώ
ν δεν αντιμετωπίζονται μεμονωμένα, αλλά ως 
μέρος ενός μεγαλύτερου
 []


Overfull \hbox (26.77817pt too wide) in paragraph at lines 265--267
\TU/TimesNewRoman(0)/m/n/12 συμπεριφοράς αποτυπώνοντα
ι μέσω ακμών που βασίζονται σε συναρτήσεις 
απόστασης, επιτρέποντας
 []


Overfull \hbox (9.69925pt too wide) in paragraph at lines 265--267
\TU/TimesNewRoman(0)/m/n/12 έτσι την ομαδοποίηση παρόμ
οιων συμπεριφορών ακόμη και όταν υπάρχουν 
χρονικές μετατοπίσεις
 []


Overfull \hbox (2.88039pt too wide) in paragraph at lines 265--267
\TU/TimesNewRoman(0)/m/n/12 διαχειρίσιμο και ερμηνεύσι
μο. Παράλληλα, η χρήση τοπολογικών χαρακτη
ριστικών του δικτύου
 []


Overfull \hbox (6.3563pt too wide) in paragraph at lines 265--267
\TU/TimesNewRoman(0)/m/n/12 συμβάλλει στην εξαγωγή τόσ
ο τοπικών όσο και καθολικών προτύπων, ενισ
χύοντας την ικανότητα
 []


Overfull \hbox (7.36165pt too wide) in paragraph at lines 268--269
\TU/TimesNewRoman(0)/m/n/12 κλίμακα. Ωστόσο, τονίζει κα
ι την ύπαρξη ερευνητικού κενού, καθώς οι πε
ρισσότερες υπάρχουσες
 []


Overfull \hbox (2.40317pt too wide) in paragraph at lines 268--269
\TU/TimesNewRoman(0)/m/n/12 αυτό το κενό, προσφέροντας 
ένα πλαίσιο που μπορεί να εντοπίζει μοτίβα 
συμπεριφοράς χρηστών
 []


Overfull \hbox (3.92075pt too wide) in paragraph at lines 270--271
\TU/TimesNewRoman(0)/m/n/12 σημασία των αποτελεσμάτων, 
καθώς δείχνει ότι η μέθοδος μπορεί να εφαρ
μοστεί σε πραγματικές
 []



[15]
Overfull \hbox (18.13364pt too wide) in paragraph at lines 277--278
[]\TU/TimesNewRoman(0)/m/n/12 Στο πρώτο επίπεδο (Layer 1), οι 
συγγραφείς κατηγοριοποιούν τους καταναλω
τές σε διαφορετικά
 []


Overfull \hbox (34.57895pt too wide) in paragraph at lines 277--278
\TU/TimesNewRoman(0)/m/n/12 αυτόν τον τρόπο, προκύπτουν 
διακριτά be-hav-ioral clus-ters που αποτυπώνουν διαφ
ορετικές στρατηγικές
 []


Overfull \hbox (13.34619pt too wide) in paragraph at lines 289--290
\TU/TimesNewRoman(0)/m/n/12 Η εργασία των Koehn et al. [[]] επι
κεντρώνεται επίσης σε click-stream δεδομένα, αλλ
ά χρησιμοποιεί
 []


Overfull \hbox (38.44319pt too wide) in paragraph at lines 289--290
\TU/TimesNewRoman(0)/m/n/12 re-cur-rent neu-ral net-works (RNNs), όπως LSTM 
και GRU, για την πρόβλεψη αγοραστικής συμπερ
ιφοράς
 []



[16]
Overfull \hbox (9.91571pt too wide) in paragraph at lines 303--304
\TU/TimesNewRoman(0)/m/n/12 προσεγγίσεων γύρω από τη μο
ντελοποίηση δεδομένων click-stream. Η διαφοροπο
ίηση εντοπίζεται
 []


Overfull \hbox (36.46097pt too wide) in paragraph at lines 306--307
\TU/TimesNewRoman(0)/m/n/12 Mod-els (MH-MMs) [[]] δίνει έμφαση στ
η στατιστική θεμελίωση και τη μαθηματική α
υστηρότητα
 []


Overfull \hbox (5.41605pt too wide) in paragraph at lines 307--308
\TU/TimesNewRoman(0)/m/n/12 ερμηνείας των υποκείμενων 
καταστάσεων [[]] και της ανάγκης για αναγνώρ
ιση σταθερών,
 []


Overfull \hbox (6.31448pt too wide) in paragraph at lines 307--308
\TU/TimesNewRoman(0)/m/n/12 επαναλαμβανόμενων προτύπω
ν πλοήγησης [[]] σε ένα γενικότερο πλαίσιο α
ναπαράστασης. 
 []


Overfull \hbox (13.97218pt too wide) in paragraph at lines 310--311
\TU/TimesNewRoman(0)/m/n/12 μια μονοδιάστατη διαδικασί
α. Αντιθέτως, απαιτεί τη συνδυαστική θεώρη
ση στατιστικών μοντέλων
 []


Overfull \hbox (15.15707pt too wide) in paragraph at lines 310--311
\TU/TimesNewRoman(0)/m/n/12 για την κατανόηση της δυναμ
ικής των χρηστών, παράλληλα με ανθεκτικούς 
αλγορίθμους εξόρυξης,
 []


Overfull \hbox (30.80891pt too wide) in paragraph at lines 318--319
\TU/TimesNewRoman(0)/m/n/12 εξέταση των σχετικών εργασ
ιών, συγκεκριμένα του συστήματος των Pal et al. 
[[]], της αρχιτεκτονικής
 []



[17]
Overfull \hbox (25.99678pt too wide) in paragraph at lines 325--326
\TU/TimesNewRoman(0)/m/n/12 τον απαραίτητο ζωντανό μηχ
ανισμό υποστήριξης των δεδομένων click-stream [[], []]. 
Επιβεβαιώνεται
 []


Overfull \hbox (44.59848pt too wide) in paragraph at lines 325--326
\TU/TimesNewRoman(0)/m/n/12 ότι η αξιοπιστία των εξαγόμ
ενων προτύπων εξαρτάται άμεσα από την ορθή 
συλλογή, τον μετασχηματισμό
 []


Overfull \hbox (0.19614pt too wide) in paragraph at lines 325--326
\TU/TimesNewRoman(0)/m/n/12 και την επεξεργασία τους στ
ην είσοδο του συστήματος, μια διαδικασία π
ου μπορεί να σχεδιαστεί
 []


Overfull \hbox (4.05551pt too wide) in paragraph at lines 329--330
\TU/TimesNewRoman(0)/m/n/12 εφαρμογής τεχνικών ανίχνευ
σης κοινοτήτων, καθίσταται δυνατός ο εντοπ
ισμός ομάδων χρηστών
 []


Overfull \hbox (44.85239pt too wide) in paragraph at lines 329--330
\TU/TimesNewRoman(0)/m/n/12 με παρόμοια πρότυπα συμπερ
ιφοράς, ακόμη και όταν υπάρχουν χρονικές μ
ετατοπίσεις ή διαφοροποιήσεις
 []


Overfull \hbox (20.80276pt too wide) in paragraph at lines 331--332
\TU/TimesNewRoman(0)/m/n/12 των δικτύων βελτιώνει την ε
ξαγωγή συμπεριφορικών προτύπων σε περιβάλ
λοντα μεγάλης κλίμακας.
 []


Overfull \hbox (18.31544pt too wide) in paragraph at lines 331--332
\TU/TimesNewRoman(0)/m/n/12 Η εργασία καταλήγει ότι οι 
υβριδικές προσεγγίσεις που συνδυάζουν χρο
νική και δομική πληροφορία
 []


Overfull \hbox (16.67938pt too wide) in paragraph at lines 333--334
[]\TU/TimesNewRoman(0)/m/n/12 Η εργασία του Ding et al. (2025) κα
ταδεικνύει ότι η συμπεριφορά πλοήγησης τω
ν καταναλωτών
 []


Overfull \hbox (29.32309pt too wide) in paragraph at lines 333--334
\TU/TimesNewRoman(0)/m/n/12 μπορεί να περιγραφεί αποτε
λεσματικά μέσω διακριτών προτύπων ακολουθ
ιών, τα οποία αποτυπώνουν
 []



[18] (./outlong.bbl

[19])

[20] (./outlong.aux)
 ***********
LaTeX2e <2025-06-01> patch level 1
L3 programming layer <2025-10-09>
 ***********


LaTeX Warning: There were undefined references.

Package rerunfilecheck Info: File `outlong.out' has not changed.
(rerunfilecheck)             Checksum: 725D708D81A78986183A1F0205445799;12244.
)

Here is how much of LuaTeX's memory you used:
 14115 strings out of 476290
 100000,794899 words of node,token memory allocated
 541 words of node memory still in use:
   4 hlist, 1 vlist, 1 rule, 4 glue, 3 kern, 1 glyph, 21 attribute, 52 glue_spec
, 12 attribute_list, 1 write, 7 pdf_action nodes
   avail lists: 2:1220,3:380,4:278,5:374,6:104,7:8126,8:5,9:603,10:15,11:525
 36015 multiletter control sequences out of 65536+600000
 45 fonts using 15215423 bytes
 73i,6n,92p,2998b,474s stack positions out of 10000i,1000n,20000p,200000b,200000s
<C:/WINDOWS/Fonts/timesi.ttf><C:/WINDOWS/Fonts/times.ttf><C:/WINDOWS/Fonts/times
bd.ttf><C:/Users/dimit/AppData/Local/Programs/MiKTeX/fonts/type1/public/amsfonts
/cm/cmmi12.pfb><C:/Users/dimit/AppData/Local/Programs/MiKTeX/fonts/type1/public/
amsfonts/cm/cmmi8.pfb><C:/Users/dimit/AppData/Local/Programs/MiKTeX/fonts/type1/
public/amsfonts/cm/cmsy10.pfb>
Output written on outlong.pdf (21 pages, 669905 bytes).

PDF statistics: 420 PDF objects out of 1000 (max. 8388607)
 86 named destinations out of 1000 (max. 131072)
 313 words of extra memory for PDF output out of 10000 (max. 100000000)

